// Jest Snapshot v1, https://goo.gl/fbAQLP

exports[`Pruebas sobre DetalleAnalisis.tsx debe mostrar el componente correctamente 1`] = `ShallowWrapper {}`;
