// Jest Snapshot v1, https://goo.gl/fbAQLP

exports[`Pruebas sobre Home.tsx debe mostrar el componente 1`] = `ShallowWrapper {}`;
