// Jest Snapshot v1, https://goo.gl/fbAQLP

exports[`Pruebas sobre TablaAnalisis.tsx debe rendirizar el componente correctamente 1`] = `ShallowWrapper {}`;
